Copyright 1986-2018 Xilinx, Inc. All Rights Reserved.
------------------------------------------------------------------------------------
| Tool Version : Vivado v.2018.1 (win64) Build 2188600 Wed Apr  4 18:40:38 MDT 2018
| Date         : Thu May 30 13:17:42 2019
| Host         : EECS-Xiaomachine running 64-bit major release  (build 9200)
| Command      : report_control_sets -verbose -file main_control_sets_placed.rpt
| Design       : main
| Device       : xc7a50t
------------------------------------------------------------------------------------

Control Set Information

Table of Contents
-----------------
1. Summary
2. Histogram
3. Flip-Flop Distribution
4. Detailed Control Set Information

1. Summary
----------

+----------------------------------------------------------+-------+
|                          Status                          | Count |
+----------------------------------------------------------+-------+
| Number of unique control sets                            |    14 |
| Unused register locations in slices containing registers |    64 |
+----------------------------------------------------------+-------+


2. Histogram
------------

+--------+--------------+
| Fanout | Control Sets |
+--------+--------------+
|      1 |            2 |
|     10 |            3 |
|     12 |            1 |
|     14 |            1 |
|    16+ |            7 |
+--------+--------------+


3. Flip-Flop Distribution
-------------------------

+--------------+-----------------------+------------------------+-----------------+--------------+
| Clock Enable | Synchronous Set/Reset | Asynchronous Set/Reset | Total Registers | Total Slices |
+--------------+-----------------------+------------------------+-----------------+--------------+
| No           | No                    | No                     |             798 |          192 |
| No           | No                    | Yes                    |             180 |           46 |
| No           | Yes                   | No                     |             112 |           38 |
| Yes          | No                    | No                     |              10 |            3 |
| Yes          | No                    | Yes                    |              42 |            8 |
| Yes          | Yes                   | No                     |              26 |            8 |
+--------------+-----------------------+------------------------+-----------------+--------------+


4. Detailed Control Set Information
-----------------------------------

+----------------------+--------------------------------+----------------------------+------------------+----------------+
|     Clock Signal     |          Enable Signal         |      Set/Reset Signal      | Slice Load Count | Bel Load Count |
+----------------------+--------------------------------+----------------------------+------------------+----------------+
|  inst0/inst/clk_out1 | cpu_inst/sw_on_i_1_n_0         | debounce_inst2/reset       |                1 |              1 |
|  inst0/inst/clk_out1 | acd_inst/adc/n_cnv             | debounce_inst2/reset       |                1 |              1 |
|  inst0/inst/clk_out1 |                                | cpu_inst/cntr_load_reg_n_0 |                3 |             10 |
|  inst0/inst/clk_out1 | acd_inst/adc/adc_done          | debounce_inst2/reset       |                2 |             10 |
|  inst0/inst/clk_out1 | acd_inst/control/wr_i_en       | debounce_inst2/reset       |                3 |             10 |
|  inst0/inst/clk_out1 | acd_inst/adc/sync/fdata_reg[8] |                            |                4 |             12 |
|  inst0/inst/clk_out1 | acd_inst/control/control_done  | debounce_inst2/reset       |                4 |             14 |
|  inst0/inst/clk_out1 |                                | debounce_inst1/PB_idle     |                7 |             25 |
|  inst0/inst/clk_out1 |                                | debounce_inst2/PB_idle     |                7 |             25 |
|  inst0/inst/clk_out1 |                                | debounce_inste/PB_idle     |                7 |             25 |
|  pipe_clk_BUFG       | acd_inst/control/s2s3_wr_i_en  | debounce_inst2/reset       |                5 |             32 |
|  inst0/inst/clk_out1 |                                | debounce_inst2/reset       |               25 |             48 |
|  pipe_clk_BUFG       |                                | debounce_inst2/reset       |               35 |            159 |
|  inst0/inst/clk_out1 |                                |                            |              194 |            801 |
+----------------------+--------------------------------+----------------------------+------------------+----------------+


